wwwwwwwwwwwwwwwwwwwwwwwwwwwwwwwwwwwwwwwwwwwwwwwwwwwwwwwwwwwwwwwwwwwwwwwwwwwwwwwwwwwwwwwwwwwwwww
w.............................................................................................w
w.............................................................................................w
w.............................................................................................w
w..as.d.......................................................................................w
w......asdf...................................................................................w
w..........f......................................................................sdfasd......w
w..........asfd.................................................................af............w
w..............asfd.........................................................sadf..............w
w..................asfd....................................fasd.asfd....asdf..................w
w......................asfd......................asdfasdasdf........asdf......................w
w..........................asfd.............asd.f.............................................w
w..............................asfd....asdf...................................................w
w..................................asdf.......................................................w
w.............................................................................................w
w.............................................................................................w
w.............................................................................................w
w....................................................................................asd......w
w.......................................................................................f.....w
w.............................................................................................w
w.............................................................................................w
w.............................................................................................w
w.................................................................sgsdg.......................w
w....................................sg.........................sg.....sdg....................w
w......................................sdg.....................g..........sf..................w
w.........................................sdg................gs............sdf................w
w............................................sdg...........sdf................sd..............w
w...............................................sdg.....dfs.....................g.............w
w..................................................sdgsdf.....................................w
w.............................................................................................w
w.............................................................................................w
w.............................................................................................w
w.............................................................................................w
w.............................................................................................w
w...........................sd................................................................w
w............................fg.................gdfs...............sg.........................w
w...............................sg...........sd.....g...........sdg..sf.......................w
w..................................sdg....sdf........sdg......fg.......g.sdfg.................w
w......................................sdf..............sdfgsd...............dsfsd............w
w.................................................................................f...........w
w.............................................................................................w
w...............................................................................sd............w
w.................................................................................fg..........w
w..................................................................................dsg........w
w.....................................................................................sfdg....w
w.................................................................................sgsdfg......w
w.............................................................................................w
w.............................................................................................w
w.............................................................................................w
w.............................................................................................w
w.............................................................................................w
w.............................................................................................w
w.............................................................................................w
w.............................................................................................w
w.............................................................................................w
w.............................................................................................w
w.............................................................................................w
w.............................................................................................w
w.............................................................................................w
w.............................................................................................w
w.............................................................................................w
w.............................................................................................w
w.............................................................................................w
w.............................................................................................w
w.............................................................................................w
w.....................................................................k.....................iow
wwwwwwwwwwwwwwwwwwwwwwwwwwwwwwwwwwwwwwwwwwwwwwwwwwwwwwwwwwwwwwwwwwwwwwwwwwwwwwwwwwwwwwwwwwwwwww
